// Jest Snapshot v1, https://goo.gl/fbAQLP

exports[`H5 basic snapshot 1`] = `
.c0 {
  color: #343a40;
  font-size: 0.83rem;
}

<h5
  className="c0"
/>
`;
