// Jest Snapshot v1, https://goo.gl/fbAQLP

exports[`Label basic snapshot 1`] = `
.c0 {
  color: #1B2b3a;
  font-size: 1rem;
}

<label
  className="c0"
/>
`;
