// Jest Snapshot v1, https://goo.gl/fbAQLP

exports[`H3 basic snapshot 1`] = `
.c0 {
  color: #1B2b3a;
  font-size: 1.17rem;
}

<h3
  className="c0"
/>
`;
