// Jest Snapshot v1, https://goo.gl/fbAQLP

exports[`H2 basic snapshot 1`] = `
.c0 {
  color: #1B2b3a;
  font-size: 1.5rem;
}

<h2
  className="c0"
/>
`;
