// Jest Snapshot v1, https://goo.gl/fbAQLP

exports['P basic snapshot 1'] = `
.c0 {
  color: #343a40;
  font-size: 1rem;
}

<p
  className="c0"
/>
`
