// Jest Snapshot v1, https://goo.gl/fbAQLP

exports[`H6 basic snapshot 1`] = `
.c0 {
  color: #1B2b3a;
  font-size: 0.67rem;
}

<h6
  className="c0"
/>
`;
