// Jest Snapshot v1, https://goo.gl/fbAQLP

exports[`H1 basic snapshot 1`] = `
.c0 {
  color: #343a40;
  font-size: 2rem;
}

<h1
  className="c0"
/>
`;
